// Jest Snapshot v1, https://goo.gl/fbAQLP

exports[`App component should test App component 1`] = `ShallowWrapper {}`;
